+ ansible-playbook -i localhost, -c local quiet.yml
++ set +x
