
PLAY [localhost] ***************************************************************

TASK [assert] ******************************************************************
ok: [localhost] => (item=item_A)

TASK [assert] ******************************************************************
ok: [localhost] => (item=item_A) => {
    "ansible_loop_var": "item",
    "changed": false,
    "item": "item_A",
    "msg": "All assertions passed"
}

PLAY RECAP *********************************************************************
localhost                  : ok=2    changed=0    unreachable=0    failed=0    skipped=0    rescued=0    ignored=0

